==================================================
[miner] Starting Continuous AuraCash Miner
[miner] Node: 127.0.0.1:28432
[miner] Payout Address: 18G3YaGaCESBjA2CJGYTHGd2ZmWNnWuRfTABWNVsvcCusqpkGD
==================================================

[miner] --- Mining Block #1 ---
[miner] PrevBlockHash: f99d3f5b7fc4e3467866193bc92dc9b2278d37746fdc3fe4c37c676899b5064f
[miner] Target Bits:   0x207fffff
[miner] SUCCESS: Block mined & accepted! (Total mined: 1)

[miner] --- Mining Block #2 ---
[miner] PrevBlockHash: 850b03d92d03846c132959047d742b4d372bc32a12be98603c7216248dd0eea0
[miner] Target Bits:   0x207fffff
[miner] SUCCESS: Block mined & accepted! (Total mined: 2)

[miner] --- Mining Block #3 ---
[miner] PrevBlockHash: 9d8548809d4dfd0e6cb2c5d58b50d32f1cfb0c5695c2394f1ad59c1f1e1de76b
[miner] Target Bits:   0x207fffff
[miner] SUCCESS: Block mined & accepted! (Total mined: 3)

[miner] --- Mining Block #4 ---
[miner] PrevBlockHash: 0692e056409c46993546af18088084ab92cd6f8f90214c80d50861e9dd103047
[miner] Target Bits:   0x207fffff
[miner] SUCCESS: Block mined & accepted! (Total mined: 4)

[miner] --- Mining Block #5 ---
[miner] PrevBlockHash: 6febf2075cf6f4a4682c27b93411d1283a40593ea5c56663f8067e63117fd0f8
[miner] Target Bits:   0x207fffff
[miner] SUCCESS: Block mined & accepted! (Total mined: 5)

[miner] --- Mining Block #6 ---
[miner] PrevBlockHash: d1fd9b417fb7723eac02c293f132909b213fba2b51c0d4c4f7660ada5f07cf8a
[miner] Target Bits:   0x207fffff
[miner] SUCCESS: Block mined & accepted! (Total mined: 6)

[miner] --- Mining Block #7 ---
[miner] PrevBlockHash: 136ae4709b8f67a77e997c26cd855b2de6e7eace0e13a9de055fc4eff9806c32
[miner] Target Bits:   0x207fffff
[miner] SUCCESS: Block mined & accepted! (Total mined: 7)

[miner] --- Mining Block #8 ---
[miner] PrevBlockHash: 4b2247b27eb0739fbe2bd5f832fcf506f64c930ad93da4c4f64abf7cb772d734
[miner] Target Bits:   0x207fffff
[miner] SUCCESS: Block mined & accepted! (Total mined: 8)

[miner] --- Mining Block #9 ---
[miner] PrevBlockHash: 53b2e1bd9cf35b21bfb67f572d20413c2bbc083ddaf04c5f028705c31fb4e12b
[miner] Target Bits:   0x207fffff
[miner] SUCCESS: Block mined & accepted! (Total mined: 9)

[miner] --- Mining Block #10 ---
[miner] PrevBlockHash: 272c99fdcbf3cc77653239209c8d1c262597503e46751928a2b29e30fc0ecc0d
[miner] Target Bits:   0x207fffff
[miner] SUCCESS: Block mined & accepted! (Total mined: 10)

[miner] --- Mining Block #11 ---
[miner] PrevBlockHash: 63a40dadec3b183496876b1a53d7143287b01be82543b737c68a28f9567b7a12
[miner] Target Bits:   0x207fffff
[miner] SUCCESS: Block mined & accepted! (Total mined: 11)

[miner] --- Mining Block #12 ---
[miner] PrevBlockHash: 307a9fce433636b90cb80f2ba7062110f148f15c329abc6dd805db584734e892
[miner] Target Bits:   0x207fffff
[miner] SUCCESS: Block mined & accepted! (Total mined: 12)

[miner] --- Mining Block #13 ---
[miner] PrevBlockHash: 3899039f705b2458da5bad9f811c15c7e9567cadf30b01f587d22c22c2a182bd
[miner] Target Bits:   0x207fffff
[miner] SUCCESS: Block mined & accepted! (Total mined: 13)

[miner] --- Mining Block #14 ---
[miner] PrevBlockHash: 1798b4001f6576edca551f36989c78f009d464224b239d34e4b16b7bebac3df3
[miner] Target Bits:   0x207fffff
[miner] SUCCESS: Block mined & accepted! (Total mined: 14)

[miner] --- Mining Block #15 ---
[miner] PrevBlockHash: 2205bffcb3a7f8e84650bc97a8b6db147451bfb6046ed9b56c3cdd07436cdc50
[miner] Target Bits:   0x207fffff
[miner] SUCCESS: Block mined & accepted! (Total mined: 15)

[miner] --- Mining Block #16 ---
[miner] PrevBlockHash: 98c13c057239cd74a2746579e1d34599b621b8c3e2fa63f3965107d5ab5a5131
[miner] Target Bits:   0x207fffff
[miner] SUCCESS: Block mined & accepted! (Total mined: 16)

[miner] --- Mining Block #17 ---
[miner] PrevBlockHash: e7bf55873e47181bddb06a0901b37c0731807484ab0e3ae1f0ca83072ac41a51
[miner] Target Bits:   0x207fffff
[miner] SUCCESS: Block mined & accepted! (Total mined: 17)

[miner] --- Mining Block #18 ---
[miner] PrevBlockHash: 1a00ec2c8ccb19cfa294104ce9852af814cf16d9e57de39394c4a50a62c20c17
[miner] Target Bits:   0x207fffff
